<?xml version="1.0" encoding="utf-8"?><testsuites name="pytest tests"><testsuite name="pytest" errors="0" failures="0" skipped="0" tests="0" time="0.005" timestamp="2026-05-25T10:55:18.592000-06:00" hostname="malusoto" /></testsuites>